flutter : Package file_picker:linux references file_picker:linux 
as the default plugin, but it does not provide an inline 
implementation.
At line:1 char:1
+ flutter build apk --release 2>&1 | Tee-Object -FilePath 
build_output. ...
+ ~~~~~~~~~~~~~~~~~~~~~~~~~~~~~~~~
    + CategoryInfo          : NotSpecified: (Package file_pi...i 
   mplementation.:String) [], RemoteException
    + FullyQualifiedErrorId : NativeCommandError
 
Ask the maintainers of file_picker to either avoid referencing a 
default implementation via `platforms: linux: default_package: 
file_picker` or add an inline implementation to file_picker via 
`platforms: linux:` `pluginClass` or `dartPluginClass`.

Package file_picker:macos references file_picker:macos as the 
default plugin, but it does not provide an inline implementation.
Ask the maintainers of file_picker to either avoid referencing a 
default implementation via `platforms: macos: default_package: 
file_picker` or add an inline implementation to file_picker via 
`platforms: macos:` `pluginClass` or `dartPluginClass`.

Package file_picker:windows references file_picker:windows as 
the default plugin, but it does not provide an inline 
implementation.
Ask the maintainers of file_picker to either avoid referencing a 
default implementation via `platforms: windows: default_package: 
file_picker` or add an inline implementation to file_picker via 
`platforms: windows:` `pluginClass` or `dartPluginClass`.

Package file_picker:linux references file_picker:linux as the 
default plugin, but it does not provide an inline implementation.
Ask the maintainers of file_picker to either avoid referencing a 
default implementation via `platforms: linux: default_package: 
file_picker` or add an inline implementation to file_picker via 
`platforms: linux:` `pluginClass` or `dartPluginClass`.

Package file_picker:macos references file_picker:macos as the 
default plugin, but it does not provide an inline implementation.
Ask the maintainers of file_picker to either avoid referencing a 
default implementation via `platforms: macos: default_package: 
file_picker` or add an inline implementation to file_picker via 
`platforms: macos:` `pluginClass` or `dartPluginClass`.

Package file_picker:windows references file_picker:windows as 
the default plugin, but it does not provide an inline 
implementation.
Ask the maintainers of file_picker to either avoid referencing a 
default implementation via `platforms: windows: default_package: 
file_picker` or add an inline implementation to file_picker via 
`platforms: windows:` `pluginClass` or `dartPluginClass`.

Package file_picker:linux references file_picker:linux as the 
default plugin, but it does not provide an inline implementation.
Ask the maintainers of file_picker to either avoid referencing a 
default implementation via `platforms: linux: default_package: 
file_picker` or add an inline implementation to file_picker via 
`platforms: linux:` `pluginClass` or `dartPluginClass`.

Package file_picker:macos references file_picker:macos as the 
default plugin, but it does not provide an inline implementation.
Ask the maintainers of file_picker to either avoid referencing a 
default implementation via `platforms: macos: default_package: 
file_picker` or add an inline implementation to file_picker via 
`platforms: macos:` `pluginClass` or `dartPluginClass`.

Package file_picker:windows references file_picker:windows as 
the default plugin, but it does not provide an inline 
implementation.
Ask the maintainers of file_picker to either avoid referencing a 
default implementation via `platforms: windows: default_package: 
file_picker` or add an inline implementation to file_picker via 
`platforms: windows:` `pluginClass` or `dartPluginClass`.

Package file_picker:linux references file_picker:linux as the 
default plugin, but it does not provide an inline implementation.
Ask the maintainers of file_picker to either avoid referencing a 
default implementation via `platforms: linux: default_package: 
file_picker` or add an inline implementation to file_picker via 
`platforms: linux:` `pluginClass` or `dartPluginClass`.

Package file_picker:macos references file_picker:macos as the 
default plugin, but it does not provide an inline implementation.
Ask the maintainers of file_picker to either avoid referencing a 
default implementation via `platforms: macos: default_package: 
file_picker` or add an inline implementation to file_picker via 
`platforms: macos:` `pluginClass` or `dartPluginClass`.

Package file_picker:windows references file_picker:windows as 
the default plugin, but it does not provide an inline 
implementation.
Ask the maintainers of file_picker to either avoid referencing a 
default implementation via `platforms: windows: default_package: 
file_picker` or add an inline implementation to file_picker via 
`platforms: windows:` `pluginClass` or `dartPluginClass`.

Running Gradle task 'assembleRelease'...                        
Font asset "MaterialIcons-Regular.otf" was tree-shaken, reducing it from 1645184 to 9280 bytes (99.4% reduction). Tree-shaking can be disabled by providing the --no-tree-shake-icons flag when building your app.
INFO: Precompiled binaries are disabled
INFO: Building rust_lib_flux for armv7-linux-androideabi
INFO: Building rust_lib_flux for aarch64-linux-android
INFO: Building rust_lib_flux for x86_64-linux-android
warning: [options] source value 8 is obsolete and will be 
removed in a future release
warning: [options] target value 8 is obsolete and will be 
removed in a future release
warning: [options] To suppress warnings about obsolete options, 
use -Xlint:-options.
C:\Users\anish\AppData\Local\Pub\Cache\hosted\pub.dev\file_picker
-5.5.0\android\src\main\java\com\mr\flutter\plugin\filepicker\Fil
ePickerPlugin.java:120: error: cannot find symbol
    public static void registerWith(final 
io.flutter.plugin.common.PluginRegistry.Registrar registrar) {
                                                                 
                ^
  symbol:   class Registrar
  location: interface PluginRegistry
C:\Users\anish\AppData\Local\Pub\Cache\hosted\pub.dev\file_picker
-5.5.0\android\src\main\java\com\mr\flutter\plugin\filepicker\Fil
ePickerPlugin.java:248: error: cannot find symbol
            final PluginRegistry.Registrar registrar,
                                ^
  symbol:   class Registrar
  location: interface PluginRegistry
2 errors
3 warnings

FAILURE: Build failed with an exception.

* What went wrong:
Execution failed for task 
':file_picker:compileReleaseJavaWithJavac'.
> Compilation failed; see the compiler output below.
  warning: [options] target value 8 is obsolete and will be 
removed in a future release
  warning: [options] source value 8 is obsolete and will be 
removed in a future release
  C:\Users\anish\AppData\Local\Pub\Cache\hosted\pub.dev\file_pick
er-5.5.0\android\src\main\java\com\mr\flutter\plugin\filepicker\F
ilePickerPlugin.java:120: error: cannot find symbol
      public static void registerWith(final 
io.flutter.plugin.common.PluginRegistry.Registrar registrar) {
                                                                 
                  ^
    symbol:   class Registrar
    location: interface PluginRegistry
  C:\Users\anish\AppData\Local\Pub\Cache\hosted\pub.dev\file_pick
er-5.5.0\android\src\main\java\com\mr\flutter\plugin\filepicker\F
ilePickerPlugin.java:248: error: cannot find symbol
              final PluginRegistry.Registrar registrar,
                                  ^
    symbol:   class Registrar
    location: interface PluginRegistry
  warning: [options] To suppress warnings about obsolete 
options, use -Xlint:-options.
  2 errors
  3 warnings

* Try:
> Check your code and dependencies to fix the compilation 
error(s)
> Run with --scan to get full insights.

BUILD FAILED in 1m 33s
Running Gradle task 'assembleRelease'...                           94.7s

ΓöîΓöÇ Flutter Fix ΓöÇΓöÇΓöÇΓöÇΓöÇΓöÇΓöÇΓöÇΓöÇΓöÇΓöÇΓöÇΓöÇΓöÇΓöÇΓöÇΓöÇΓöÇΓöÇΓöÇΓöÇΓöÇΓöÇΓöÇΓöÇΓöÇΓöÇΓöÇΓöÇΓöÇΓöÇΓöÇΓöÇΓöÇΓöÇΓöÇΓöÇΓöÇΓöÇΓöÇΓöÇΓöÇΓöÇΓöÇΓöÇΓöÇΓöÇΓöÇΓöÇΓöÇΓöÇΓöÇΓöÇΓöÇΓöÇΓöÇΓöÇΓöÇΓöÇΓöÇΓöÇΓöÇΓöÇΓöÇΓöÇΓöÇΓöÇΓöÇΓöÇΓöÇΓöÇΓöÇΓöÇΓöÇΓöÇΓöÇΓöÇΓöÇΓöÇΓöÇΓöÇΓöÇΓöÇΓöÉ
Γöé [!] Consult the error logs above to identify any broken plugins, specifically those containing  Γöé
Γöé "error: cannot find symbol..."                                                                  Γöé
Γöé This issue is likely caused by v1 embedding removal and the plugin's continued usage of removed Γöé
Γöé references to the v1 embedding.                                                                 Γöé
Γöé To fix this error, please upgrade your current package's dependencies to latest versions by     Γöé
Γöé running `flutter pub upgrade`.                                                                  Γöé
Γöé If that does not work, please file an issue for the problematic plugin(s) here:                 Γöé
Γöé https://github.com/flutter/flutter/issues                                                       Γöé
ΓööΓöÇΓöÇΓöÇΓöÇΓöÇΓöÇΓöÇΓöÇΓöÇΓöÇΓöÇΓöÇΓöÇΓöÇΓöÇΓöÇΓöÇΓöÇΓöÇΓöÇΓöÇΓöÇΓöÇΓöÇΓöÇΓöÇΓöÇΓöÇΓöÇΓöÇΓöÇΓöÇΓöÇΓöÇΓöÇΓöÇΓöÇΓöÇΓöÇΓöÇΓöÇΓöÇΓöÇΓöÇΓöÇΓöÇΓöÇΓöÇΓöÇΓöÇΓöÇΓöÇΓöÇΓöÇΓöÇΓöÇΓöÇΓöÇΓöÇΓöÇΓöÇΓöÇΓöÇΓöÇΓöÇΓöÇΓöÇΓöÇΓöÇΓöÇΓöÇΓöÇΓöÇΓöÇΓöÇΓöÇΓöÇΓöÇΓöÇΓöÇΓöÇΓöÇΓöÇΓöÇΓöÇΓöÇΓöÇΓöÇΓöÇΓöÇΓöÇΓöÇΓöÇΓöÇΓöÇΓöÇΓöÇΓöÿ
Gradle task assembleRelease failed with exit code 1
